Blazium Engine v0.5.0.dev (4.3.2.stable.custom_build).ddfeae266 (2026-04-07 21:05:45 UTC) - https://blazium.app

Running Script: res://tests/test_town_sdk.gd
	- test_simple_server_connection

[1m=== Script: res://tests/test_town_sdk.gd ===[0m
  [1mtest_simple_server_connection[0m
[32;1m		[PASS] TownSDK singleton should be found[0m
Testing connection to 127.0.0.1:7000...

=================================
AUTOWORK TEST SUMMARY
Tests Run: 1
Passing Asserts: 1
Failing Asserts: 1
Orphaned Objects: 2
=================================

